\BOOKMARK [0][-]{chapter*.1}{\376\377\000A\000c\000k\000n\000o\000w\000l\000e\000d\000g\000m\000e\000n\000t\000s}{}% 1
\BOOKMARK [0][-]{chapter*.2}{\376\377\000A\000b\000s\000t\000r\000a\000c\000t}{}% 2
\BOOKMARK [0][-]{chapter.1}{\376\377\000I\000n\000t\000r\000o\000d\000u\000c\000t\000i\000o\000n}{}% 3
\BOOKMARK [1][-]{section.1.1}{\376\377\000B\000a\000c\000k\000g\000r\000o\000u\000n\000d\000\040\000a\000n\000d\000\040\000M\000o\000t\000i\000v\000a\000t\000i\000o\000n}{chapter.1}% 4
\BOOKMARK [1][-]{section.1.2}{\376\377\000P\000r\000o\000b\000l\000e\000m\000\040\000S\000t\000a\000t\000e\000m\000e\000n\000t\000\040\000a\000n\000d\000\040\000R\000e\000s\000e\000a\000r\000c\000h\000\040\000G\000a\000p}{chapter.1}% 5
\BOOKMARK [1][-]{section.1.3}{\376\377\000P\000r\000o\000p\000o\000s\000e\000d\000\040\000A\000p\000p\000r\000o\000a\000c\000h}{chapter.1}% 6
\BOOKMARK [1][-]{section.1.4}{\376\377\000R\000e\000s\000e\000a\000r\000c\000h\000\040\000O\000b\000j\000e\000c\000t\000i\000v\000e\000s}{chapter.1}% 7
\BOOKMARK [1][-]{section.1.5}{\376\377\000R\000e\000s\000e\000a\000r\000c\000h\000\040\000Q\000u\000e\000s\000t\000i\000o\000n\000s}{chapter.1}% 8
\BOOKMARK [1][-]{section.1.6}{\376\377\000C\000o\000n\000t\000r\000i\000b\000u\000t\000i\000o\000n\000s}{chapter.1}% 9
\BOOKMARK [1][-]{section.1.7}{\376\377\000T\000h\000e\000s\000i\000s\000\040\000O\000r\000g\000a\000n\000i\000z\000a\000t\000i\000o\000n}{chapter.1}% 10
\BOOKMARK [0][-]{chapter.2}{\376\377\000B\000a\000c\000k\000g\000r\000o\000u\000n\000d}{}% 11
\BOOKMARK [1][-]{section.2.1}{\376\377\000L\000i\000t\000e\000r\000a\000t\000u\000r\000e\000\040\000R\000e\000v\000i\000e\000w}{chapter.2}% 12
\BOOKMARK [2][-]{subsection.2.1.1}{\376\377\000T\000h\000e\000s\000i\000s\000\040\000T\000o\000p\000i\000c}{section.2.1}% 13
\BOOKMARK [2][-]{subsection.2.1.2}{\376\377\000I\000n\000t\000r\000o\000d\000u\000c\000t\000i\000o\000n}{section.2.1}% 14
\BOOKMARK [2][-]{subsection.2.1.3}{\376\377\000T\000r\000a\000d\000i\000t\000i\000o\000n\000a\000l\000\040\000M\000e\000t\000h\000o\000d\000s\000\040\000i\000n\000\040\000B\000r\000a\000i\000n\000\040\000T\000u\000m\000o\000r\000\040\000S\000e\000g\000m\000e\000n\000t\000a\000t\000i\000o\000n}{section.2.1}% 15
\BOOKMARK [2][-]{subsection.2.1.4}{\376\377\000T\000r\000a\000n\000s\000i\000t\000i\000o\000n\000\040\000t\000o\000\040\000D\000e\000e\000p\000\040\000L\000e\000a\000r\000n\000i\000n\000g\000-\000B\000a\000s\000e\000d\000\040\000S\000e\000g\000m\000e\000n\000t\000a\000t\000i\000o\000n}{section.2.1}% 16
\BOOKMARK [2][-]{subsection.2.1.5}{\376\377\000E\000n\000c\000o\000d\000e\000r\000â\000€\000“\000D\000e\000c\000o\000d\000e\000r\000\040\000A\000r\000c\000h\000i\000t\000e\000c\000t\000u\000r\000e\000s\000:\000\040\000U\000-\000N\000e\000t\000\040\000v\000s\000.\000\040\000S\000e\000g\000N\000e\000t}{section.2.1}% 17
\BOOKMARK [2][-]{subsection.2.1.6}{\376\377\000P\000r\000e\000p\000r\000o\000c\000e\000s\000s\000i\000n\000g\000\040\000a\000n\000d\000\040\000F\000e\000a\000t\000u\000r\000e\000-\000B\000a\000s\000e\000d\000\040\000E\000n\000h\000a\000n\000c\000e\000m\000e\000n\000t\000s}{section.2.1}% 18
\BOOKMARK [2][-]{subsection.2.1.7}{\376\377\000D\000e\000t\000a\000i\000l\000e\000d\000\040\000A\000n\000a\000l\000y\000s\000i\000s\000\040\000o\000f\000\040\000S\000e\000g\000N\000e\000t\000-\000B\000a\000s\000e\000d\000\040\000S\000t\000u\000d\000i\000e\000s}{section.2.1}% 19
\BOOKMARK [2][-]{subsection.2.1.8}{\376\377\000S\000y\000n\000t\000h\000e\000s\000i\000s\000\040\000a\000n\000d\000\040\000R\000a\000t\000i\000o\000n\000a\000l\000e\000\040\000f\000o\000r\000\040\000a\000\040\000S\000e\000g\000N\000e\000t\000-\000B\000a\000s\000e\000d\000,\000\040\000F\000e\000a\000t\000u\000r\000e\000-\000D\000e\000t\000e\000c\000t\000i\000o\000n\000\040\000A\000p\000p\000r\000o\000a\000c\000h}{section.2.1}% 20
\BOOKMARK [2][-]{subsection.2.1.9}{\376\377\000F\000u\000t\000u\000r\000e\000\040\000R\000e\000s\000e\000a\000r\000c\000h\000\040\000D\000i\000r\000e\000c\000t\000i\000o\000n\000s\000\040\000a\000n\000d\000\040\000E\000m\000e\000r\000g\000i\000n\000g\000\040\000T\000r\000e\000n\000d\000s}{section.2.1}% 21
\BOOKMARK [2][-]{subsection.2.1.10}{\376\377\000C\000o\000n\000c\000l\000u\000s\000i\000o\000n}{section.2.1}% 22
\BOOKMARK [1][-]{section.2.2}{\376\377\000K\000e\000y\000\040\000B\000a\000c\000k\000g\000r\000o\000u\000n\000d\000\040\000T\000e\000r\000m\000s}{chapter.2}% 23
\BOOKMARK [2][-]{subsection.2.2.1}{\376\377\000C\000o\000r\000e\000\040\000D\000e\000e\000p\000\040\000L\000e\000a\000r\000n\000i\000n\000g\000\040\000C\000o\000n\000c\000e\000p\000t\000s}{section.2.2}% 24
\BOOKMARK [2][-]{subsection.2.2.2}{\376\377\000S\000e\000g\000N\000e\000t\000\040\000A\000r\000c\000h\000i\000t\000e\000c\000t\000u\000r\000e\000\040\000f\000o\000r\000\040\000S\000e\000m\000a\000n\000t\000i\000c\000\040\000S\000e\000g\000m\000e\000n\000t\000a\000t\000i\000o\000n}{section.2.2}% 25
\BOOKMARK [2][-]{subsection.2.2.3}{\376\377\000A\000d\000d\000i\000t\000i\000o\000n\000a\000l\000\040\000K\000e\000y\000\040\000C\000o\000n\000c\000e\000p\000t\000s}{section.2.2}% 26
\BOOKMARK [2][-]{subsection.2.2.4}{\376\377\000W\000h\000y\000\040\000S\000e\000g\000N\000e\000t\000?}{section.2.2}% 27
\BOOKMARK [1][-]{section.2.3}{\376\377\000I\000m\000p\000l\000e\000m\000e\000n\000t\000a\000t\000i\000o\000n\000\040\000P\000r\000o\000g\000r\000e\000s\000s}{chapter.2}% 28
\BOOKMARK [0][-]{chapter.3}{\376\377\000M\000e\000t\000h\000o\000d\000o\000l\000o\000g\000y\000,\000\040\000I\000m\000p\000l\000e\000m\000e\000n\000t\000a\000t\000i\000o\000n\000\040\000a\000n\000d\000\040\000R\000e\000s\000u\000l\000t\000s}{}% 29
\BOOKMARK [1][-]{section.3.1}{\376\377\000M\000e\000t\000h\000o\000d\000o\000l\000o\000g\000y\000\040\000O\000v\000e\000r\000v\000i\000e\000w}{chapter.3}% 30
\BOOKMARK [2][-]{subsection.3.1.1}{\376\377\000D\000a\000t\000a\000s\000e\000t\000\040\000a\000n\000d\000\040\000P\000r\000o\000b\000l\000e\000m\000\040\000F\000o\000r\000m\000u\000l\000a\000t\000i\000o\000n}{section.3.1}% 31
\BOOKMARK [2][-]{subsection.3.1.2}{\376\377\000E\000x\000p\000e\000r\000i\000m\000e\000n\000t\000a\000l\000\040\000D\000e\000s\000i\000g\000n\000\040\000a\000n\000d\000\040\000P\000r\000e\000p\000r\000o\000c\000e\000s\000s\000i\000n\000g\000\040\000C\000h\000o\000i\000c\000e\000s}{section.3.1}% 32
\BOOKMARK [2][-]{subsection.3.1.3}{\376\377\000D\000a\000t\000a\000s\000e\000t\000\040\000C\000o\000n\000s\000t\000r\000u\000c\000t\000i\000o\000n\000\040\000a\000n\000d\000\040\000S\000p\000l\000i\000t\000t\000i\000n\000g}{section.3.1}% 33
\BOOKMARK [2][-]{subsection.3.1.4}{\376\377\000M\000o\000d\000e\000l\000\040\000A\000r\000c\000h\000i\000t\000e\000c\000t\000u\000r\000e}{section.3.1}% 34
\BOOKMARK [2][-]{subsection.3.1.5}{\376\377\000T\000r\000a\000i\000n\000i\000n\000g\000\040\000P\000r\000o\000t\000o\000c\000o\000l}{section.3.1}% 35
\BOOKMARK [2][-]{subsection.3.1.6}{\376\377\000E\000v\000a\000l\000u\000a\000t\000i\000o\000n\000\040\000M\000e\000t\000r\000i\000c\000s\000\040\000a\000n\000d\000\040\000M\000e\000t\000r\000i\000c\000\040\000C\000o\000m\000p\000u\000t\000a\000t\000i\000o\000n\000\040\000P\000o\000l\000i\000c\000i\000e\000s}{section.3.1}% 36
\BOOKMARK [2][-]{subsection.3.1.7}{\376\377\000S\000u\000m\000m\000a\000r\000y}{section.3.1}% 37
\BOOKMARK [1][-]{section.3.2}{\376\377\000C\000o\000d\000e\000\040\000a\000n\000d\000\040\000I\000m\000p\000l\000e\000m\000e\000n\000t\000a\000t\000i\000o\000n}{chapter.3}% 38
\BOOKMARK [1][-]{section.3.3}{\376\377\000S\000o\000b\000e\000l\000\040\000R\000e\000s\000u\000l\000t\000s}{chapter.3}% 39
\BOOKMARK [1][-]{section.3.4}{\376\377\000G\000a\000b\000o\000r\000\040\000R\000e\000s\000u\000l\000t\000s}{chapter.3}% 40
\BOOKMARK [1][-]{section.3.5}{\376\377\000L\000a\000p\000l\000a\000c\000i\000a\000n\000\040\000R\000e\000s\000u\000l\000t\000s}{chapter.3}% 41
\BOOKMARK [1][-]{section.3.6}{\376\377\000C\000o\000m\000b\000i\000n\000e\000d\000\040\000R\000e\000s\000u\000l\000t\000s\000\040\000f\000o\000r\000\040\000S\000o\000b\000e\000l\000,\000\040\000L\000a\000p\000l\000a\000c\000i\000a\000n\000,\000\040\000a\000n\000d\000\040\000G\000a\000b\000o\000r\000\040\000F\000e\000a\000t\000u\000r\000e\000\040\000D\000e\000t\000e\000c\000t\000o\000r\000s}{chapter.3}% 42
\BOOKMARK [1][-]{section.3.7}{\376\377\000R\000e\000s\000e\000a\000r\000c\000h\000\040\000F\000i\000n\000d\000i\000n\000g\000s\000\040\000T\000i\000m\000e\000l\000i\000n\000e\000:\000\040\000F\000r\000o\000m\000\040\000R\000a\000w\000\040\000I\000n\000t\000e\000n\000s\000i\000t\000i\000e\000s\000\040\000t\000o\000\040\000F\000e\000a\000t\000u\000r\000e\000-\000E\000n\000h\000a\000n\000c\000e\000d\000\040\000S\000e\000g\000m\000e\000n\000t\000a\000t\000i\000o\000n}{chapter.3}% 43
\BOOKMARK [2][-]{subsection.3.7.1}{\376\377\000O\000v\000e\000r\000v\000i\000e\000w}{section.3.7}% 44
\BOOKMARK [2][-]{subsection.3.7.2}{\376\377\000S\000t\000a\000g\000e\000\040\0001\000:\000\040\000E\000s\000t\000a\000b\000l\000i\000s\000h\000i\000n\000g\000\040\000t\000h\000e\000\040\000N\000o\000-\000P\000r\000e\000p\000r\000o\000c\000e\000s\000s\000i\000n\000g\000\040\000B\000a\000s\000e\000l\000i\000n\000e\000\040\000\050\000R\000a\000w\000\040\000I\000n\000t\000e\000n\000s\000i\000t\000i\000e\000s\000\051}{section.3.7}% 45
\BOOKMARK [2][-]{subsection.3.7.3}{\376\377\000S\000t\000a\000g\000e\000\040\0002\000:\000\040\000S\000o\000b\000e\000l\000\040\000E\000d\000g\000e\000\040\000D\000e\000t\000e\000c\000t\000i\000o\000n\000\040\000E\000n\000h\000a\000n\000c\000e\000m\000e\000n\000t}{section.3.7}% 46
\BOOKMARK [2][-]{subsection.3.7.4}{\376\377\000S\000t\000a\000g\000e\000\040\0003\000:\000\040\000G\000a\000b\000o\000r\000\040\000T\000e\000x\000t\000u\000r\000e\000\040\000a\000n\000d\000\040\000O\000r\000i\000e\000n\000t\000a\000t\000i\000o\000n\000\040\000A\000n\000a\000l\000y\000s\000i\000s}{section.3.7}% 47
\BOOKMARK [2][-]{subsection.3.7.5}{\376\377\000S\000t\000a\000g\000e\000\040\0004\000:\000\040\000L\000a\000p\000l\000a\000c\000i\000a\000n\000\040\000M\000u\000l\000t\000i\000-\000S\000c\000a\000l\000e\000\040\000E\000d\000g\000e\000\040\000a\000n\000d\000\040\000B\000l\000o\000b\000\040\000D\000e\000t\000e\000c\000t\000i\000o\000n}{section.3.7}% 48
\BOOKMARK [2][-]{subsection.3.7.6}{\376\377\000S\000y\000n\000t\000h\000e\000s\000i\000s\000:\000\040\000E\000v\000o\000l\000u\000t\000i\000o\000n\000\040\000o\000f\000\040\000U\000n\000d\000e\000r\000s\000t\000a\000n\000d\000i\000n\000g}{section.3.7}% 49
\BOOKMARK [0][-]{chapter.4}{\376\377\000c\000o\000n\000c\000l\000u\000s\000i\000o\000n}{}% 50
\BOOKMARK [1][-]{section.4.1}{\376\377\000S\000u\000m\000m\000a\000r\000y\000\040\000o\000f\000\040\000C\000o\000n\000t\000r\000i\000b\000u\000t\000i\000o\000n\000s}{chapter.4}% 51
\BOOKMARK [2][-]{subsection.4.1.1}{\376\377\000T\000e\000c\000h\000n\000i\000c\000a\000l\000\040\000C\000o\000n\000t\000r\000i\000b\000u\000t\000i\000o\000n\000s}{section.4.1}% 52
\BOOKMARK [2][-]{subsection.4.1.2}{\376\377\000E\000m\000p\000i\000r\000i\000c\000a\000l\000\040\000C\000o\000n\000t\000r\000i\000b\000u\000t\000i\000o\000n\000s}{section.4.1}% 53
\BOOKMARK [1][-]{section.4.2}{\376\377\000K\000e\000y\000\040\000F\000i\000n\000d\000i\000n\000g\000s\000\040\000a\000n\000d\000\040\000I\000n\000s\000i\000g\000h\000t\000s}{chapter.4}% 54
\BOOKMARK [2][-]{subsection.4.2.1}{\376\377\000E\000f\000f\000e\000c\000t\000i\000v\000e\000n\000e\000s\000s\000\040\000o\000f\000\040\000C\000l\000a\000s\000s\000i\000c\000a\000l\000\040\000F\000e\000a\000t\000u\000r\000e\000\040\000D\000e\000t\000e\000c\000t\000i\000o\000n}{section.4.2}% 55
\BOOKMARK [2][-]{subsection.4.2.2}{\376\377\000C\000o\000m\000p\000l\000e\000m\000e\000n\000t\000a\000r\000y\000\040\000N\000a\000t\000u\000r\000e\000\040\000o\000f\000\040\000D\000i\000f\000f\000e\000r\000e\000n\000t\000\040\000F\000e\000a\000t\000u\000r\000e\000s}{section.4.2}% 56
\BOOKMARK [2][-]{subsection.4.2.3}{\376\377\000C\000h\000a\000l\000l\000e\000n\000g\000e\000s\000\040\000i\000n\000\040\000M\000u\000l\000t\000i\000-\000c\000l\000a\000s\000s\000\040\000S\000e\000g\000m\000e\000n\000t\000a\000t\000i\000o\000n}{section.4.2}% 57
\BOOKMARK [2][-]{subsection.4.2.4}{\376\377\000I\000m\000p\000o\000r\000t\000a\000n\000c\000e\000\040\000o\000f\000\040\000R\000e\000a\000l\000i\000s\000t\000i\000c\000\040\000E\000v\000a\000l\000u\000a\000t\000i\000o\000n}{section.4.2}% 58
\BOOKMARK [1][-]{section.4.3}{\376\377\000C\000l\000i\000n\000i\000c\000a\000l\000\040\000I\000m\000p\000l\000i\000c\000a\000t\000i\000o\000n\000s}{chapter.4}% 59
\BOOKMARK [1][-]{section.4.4}{\376\377\000L\000i\000m\000i\000t\000a\000t\000i\000o\000n\000s\000\040\000a\000n\000d\000\040\000C\000h\000a\000l\000l\000e\000n\000g\000e\000s}{chapter.4}% 60
\BOOKMARK [1][-]{section.4.5}{\376\377\000C\000o\000n\000c\000l\000u\000d\000i\000n\000g\000\040\000R\000e\000m\000a\000r\000k\000s}{chapter.4}% 61
\BOOKMARK [0][-]{chapter.5}{\376\377\000F\000u\000t\000u\000r\000e\000\040\000W\000o\000r\000k}{}% 62
\BOOKMARK [1][-]{section.5.1}{\376\377\0003\000D\000\040\000C\000o\000n\000t\000e\000x\000t\000u\000a\000l\000\040\000I\000n\000f\000o\000r\000m\000a\000t\000i\000o\000n\000\040\000I\000n\000t\000e\000g\000r\000a\000t\000i\000o\000n}{chapter.5}% 63
\BOOKMARK [1][-]{section.5.2}{\376\377\000A\000d\000v\000a\000n\000c\000e\000d\000\040\000F\000e\000a\000t\000u\000r\000e\000\040\000D\000e\000t\000e\000c\000t\000i\000o\000n\000\040\000a\000n\000d\000\040\000R\000e\000p\000r\000e\000s\000e\000n\000t\000a\000t\000i\000o\000n\000\040\000L\000e\000a\000r\000n\000i\000n\000g}{chapter.5}% 64
\BOOKMARK [1][-]{section.5.3}{\376\377\000M\000o\000d\000e\000r\000n\000\040\000A\000r\000c\000h\000i\000t\000e\000c\000t\000u\000r\000e\000\040\000E\000n\000h\000a\000n\000c\000e\000m\000e\000n\000t\000s}{chapter.5}% 65
\BOOKMARK [1][-]{section.5.4}{\376\377\000L\000o\000s\000s\000\040\000F\000u\000n\000c\000t\000i\000o\000n\000\040\000E\000n\000g\000i\000n\000e\000e\000r\000i\000n\000g\000\040\000a\000n\000d\000\040\000T\000r\000a\000i\000n\000i\000n\000g\000\040\000S\000t\000r\000a\000t\000e\000g\000i\000e\000s}{chapter.5}% 66
\BOOKMARK [1][-]{section.5.5}{\376\377\000D\000a\000t\000a\000\040\000A\000u\000g\000m\000e\000n\000t\000a\000t\000i\000o\000n\000\040\000a\000n\000d\000\040\000S\000y\000n\000t\000h\000e\000s\000i\000s\000\040\000S\000t\000r\000a\000t\000e\000g\000i\000e\000s}{chapter.5}% 67
\BOOKMARK [1][-]{section.5.6}{\376\377\000P\000o\000s\000t\000-\000P\000r\000o\000c\000e\000s\000s\000i\000n\000g\000\040\000a\000n\000d\000\040\000R\000e\000f\000i\000n\000e\000m\000e\000n\000t\000\040\000T\000e\000c\000h\000n\000i\000q\000u\000e\000s}{chapter.5}% 68
\BOOKMARK [1][-]{section.5.7}{\376\377\000M\000u\000l\000t\000i\000-\000M\000o\000d\000a\000l\000\040\000F\000u\000s\000i\000o\000n\000\040\000S\000t\000r\000a\000t\000e\000g\000i\000e\000s}{chapter.5}% 69
\BOOKMARK [1][-]{section.5.8}{\376\377\000C\000l\000i\000n\000i\000c\000a\000l\000\040\000T\000r\000a\000n\000s\000l\000a\000t\000i\000o\000n\000\040\000a\000n\000d\000\040\000V\000a\000l\000i\000d\000a\000t\000i\000o\000n}{chapter.5}% 70
\BOOKMARK [1][-]{section.5.9}{\376\377\000M\000e\000t\000h\000o\000d\000o\000l\000o\000g\000i\000c\000a\000l\000\040\000A\000d\000v\000a\000n\000c\000e\000s}{chapter.5}% 71
\BOOKMARK [1][-]{section.5.10}{\376\377\000D\000o\000m\000a\000i\000n\000-\000S\000p\000e\000c\000i\000f\000i\000c\000\040\000I\000n\000n\000o\000v\000a\000t\000i\000o\000n\000s}{chapter.5}% 72
\BOOKMARK [1][-]{section.5.11}{\376\377\000R\000e\000c\000o\000m\000m\000e\000n\000d\000e\000d\000\040\000N\000e\000x\000t\000\040\000S\000t\000e\000p\000s}{chapter.5}% 73
\BOOKMARK [1][-]{section.5.12}{\376\377\000L\000o\000n\000g\000-\000t\000e\000r\000m\000\040\000V\000i\000s\000i\000o\000n}{chapter.5}% 74
\BOOKMARK [1][-]{section.5.13}{\376\377\000C\000o\000n\000c\000l\000u\000s\000i\000o\000n}{chapter.5}% 75
\BOOKMARK [0][-]{section*.229}{\376\377\000A\000p\000p\000e\000n\000d\000i\000x}{}% 76
\BOOKMARK [0][-]{appendix.A}{\376\377\000L\000i\000s\000t\000s}{}% 77
\BOOKMARK [1][-]{section*.230}{\376\377\000L\000i\000s\000t\000\040\000o\000f\000\040\000A\000b\000b\000r\000e\000v\000i\000a\000t\000i\000o\000n\000s}{appendix.A}% 78
\BOOKMARK [1][-]{appendix*.231}{\376\377\000L\000i\000s\000t\000\040\000o\000f\000\040\000F\000i\000g\000u\000r\000e\000s}{appendix.A}% 79
\BOOKMARK [0][-]{appendix*.232}{\376\377\000R\000e\000f\000e\000r\000e\000n\000c\000e\000s}{}% 80
