This is pdfTeX, Version 3.141592653-2.6-1.40.25 (MiKTeX 24.1) (preloaded format=pdflatex 2025.6.26)  26 JUN 2025 20:41
entering extended mode
 restricted \write18 enabled.
 %&-line parsing enabled.
**./bachelor.tex
(bachelor.tex
LaTeX2e <2023-11-01> patch level 1
L3 programming layer <2024-01-04>
(C:\Users\Shakib's PC\AppData\Local\Programs\MiKTeX\tex/latex/base\report.cls
Document Class: report 2023/05/17 v1.4n Standard LaTeX document class
(C:\Users\Shakib's PC\AppData\Local\Programs\MiKTeX\tex/latex/base\size12.clo
File: size12.clo 2023/05/17 v1.4n Standard LaTeX file (size option)
)
\c@part=\count187
\c@chapter=\count188
\c@section=\count189
\c@subsection=\count190
\c@subsubsection=\count191
\c@paragraph=\count192
\c@subparagraph=\count193
\c@figure=\count194
\c@table=\count195
\abovecaptionskip=\skip48
\belowcaptionskip=\skip49
\bibindent=\dimen140
)
(C:\Users\Shakib's PC\AppData\Local\Programs\MiKTeX\tex/latex/listings\listings
.sty
(C:\Users\Shakib's PC\AppData\Local\Programs\MiKTeX\tex/latex/graphics\keyval.s
ty
Package: keyval 2022/05/29 v1.15 key=value parser (DPC)
\KV@toks@=\toks17
)
\lst@mode=\count196
\lst@gtempboxa=\box51
\lst@token=\toks18
\lst@length=\count197
\lst@currlwidth=\dimen141
\lst@column=\count198
\lst@pos=\count199
\lst@lostspace=\dimen142
\lst@width=\dimen143
\lst@newlines=\count266
\lst@lineno=\count267
\lst@maxwidth=\dimen144

(C:\Users\Shakib's PC\AppData\Local\Programs\MiKTeX\tex/latex/listings\lstmisc.
sty
File: lstmisc.sty 2023/02/27 1.9 (Carsten Heinz)
\c@lstnumber=\count268
\lst@skipnumbers=\count269
\lst@framebox=\box52
)
(C:\Users\Shakib's PC\AppData\Local\Programs\MiKTeX\tex/latex/listings\listings
.cfg
File: listings.cfg 2023/02/27 1.9 listings configuration
))
Package: listings 2023/02/27 1.9 (Carsten Heinz)

(C:\Users\Shakib's PC\AppData\Local\Programs\MiKTeX\tex/latex/xcolor\xcolor.sty
Package: xcolor 2023/11/15 v3.01 LaTeX color extensions (UK)

(C:\Users\Shakib's PC\AppData\Local\Programs\MiKTeX\tex/latex/graphics-cfg\colo
r.cfg
File: color.cfg 2016/01/02 v1.6 sample color configuration
)
Package xcolor Info: Driver file: pdftex.def on input line 274.

(C:\Users\Shakib's PC\AppData\Local\Programs\MiKTeX\tex/latex/graphics-def\pdft
ex.def
File: pdftex.def 2022/09/22 v1.2b Graphics/color driver for pdftex
)
(C:\Users\Shakib's PC\AppData\Local\Programs\MiKTeX\tex/latex/graphics\mathcolo
r.ltx)
Package xcolor Info: Model `cmy' substituted by `cmy0' on input line 1350.
Package xcolor Info: Model `hsb' substituted by `rgb' on input line 1354.
Package xcolor Info: Model `RGB' extended on input line 1366.
Package xcolor Info: Model `HTML' substituted by `rgb' on input line 1368.
Package xcolor Info: Model `Hsb' substituted by `hsb' on input line 1369.
Package xcolor Info: Model `tHsb' substituted by `hsb' on input line 1370.
Package xcolor Info: Model `HSB' substituted by `hsb' on input line 1371.
Package xcolor Info: Model `Gray' substituted by `gray' on input line 1372.
Package xcolor Info: Model `wave' substituted by `hsb' on input line 1373.
)
(C:\Users\Shakib's PC\AppData\Local\Programs\MiKTeX\tex/latex/amsmath\amsmath.s
ty
Package: amsmath 2023/05/13 v2.17o AMS math features
\@mathmargin=\skip50

For additional information on amsmath, use the `?' option.

(C:\Users\Shakib's PC\AppData\Local\Programs\MiKTeX\tex/latex/amsmath\amstext.s
ty
Package: amstext 2021/08/26 v2.01 AMS text

(C:\Users\Shakib's PC\AppData\Local\Programs\MiKTeX\tex/latex/amsmath\amsgen.st
y
File: amsgen.sty 1999/11/30 v2.0 generic functions
\@emptytoks=\toks19
\ex@=\dimen145
))
(C:\Users\Shakib's PC\AppData\Local\Programs\MiKTeX\tex/latex/amsmath\amsbsy.st
y
Package: amsbsy 1999/11/29 v1.2d Bold Symbols
\pmbraise@=\dimen146
)
(C:\Users\Shakib's PC\AppData\Local\Programs\MiKTeX\tex/latex/amsmath\amsopn.st
y
Package: amsopn 2022/04/08 v2.04 operator names
)
\inf@bad=\count270
LaTeX Info: Redefining \frac on input line 234.
\uproot@=\count271
\leftroot@=\count272
LaTeX Info: Redefining \overline on input line 399.
LaTeX Info: Redefining \colon on input line 410.
\classnum@=\count273
\DOTSCASE@=\count274
LaTeX Info: Redefining \ldots on input line 496.
LaTeX Info: Redefining \dots on input line 499.
LaTeX Info: Redefining \cdots on input line 620.
\Mathstrutbox@=\box53
\strutbox@=\box54
LaTeX Info: Redefining \big on input line 722.
LaTeX Info: Redefining \Big on input line 723.
LaTeX Info: Redefining \bigg on input line 724.
LaTeX Info: Redefining \Bigg on input line 725.
\big@size=\dimen147
LaTeX Font Info:    Redeclaring font encoding OML on input line 743.
LaTeX Font Info:    Redeclaring font encoding OMS on input line 744.
\macc@depth=\count275
LaTeX Info: Redefining \bmod on input line 905.
LaTeX Info: Redefining \pmod on input line 910.
LaTeX Info: Redefining \smash on input line 940.
LaTeX Info: Redefining \relbar on input line 970.
LaTeX Info: Redefining \Relbar on input line 971.
\c@MaxMatrixCols=\count276
\dotsspace@=\muskip16
\c@parentequation=\count277
\dspbrk@lvl=\count278
\tag@help=\toks20
\row@=\count279
\column@=\count280
\maxfields@=\count281
\andhelp@=\toks21
\eqnshift@=\dimen148
\alignsep@=\dimen149
\tagshift@=\dimen150
\tagwidth@=\dimen151
\totwidth@=\dimen152
\lineht@=\dimen153
\@envbody=\toks22
\multlinegap=\skip51
\multlinetaggap=\skip52
\mathdisplay@stack=\toks23
LaTeX Info: Redefining \[ on input line 2953.
LaTeX Info: Redefining \] on input line 2954.
)
(C:\Users\Shakib's PC\AppData\Local\Programs\MiKTeX\tex/latex/bera\beramono.sty
Package: beramono 2004/01/31 (WaS)
)
(C:\Users\Shakib's PC\AppData\Local\Programs\MiKTeX\tex/latex/hyperref\hyperref
.sty
Package: hyperref 2023-11-26 v7.01g Hypertext links for LaTeX

(C:\Users\Shakib's PC\AppData\Local\Programs\MiKTeX\tex/generic/iftex\iftex.sty
Package: iftex 2022/02/03 v1.0f TeX engine tests
)
(C:\Users\Shakib's PC\AppData\Local\Programs\MiKTeX\tex/generic/infwarerr\infwa
rerr.sty
Package: infwarerr 2019/12/03 v1.5 Providing info/warning/error messages (HO)
)
(C:\Users\Shakib's PC\AppData\Local\Programs\MiKTeX\tex/latex/kvsetkeys\kvsetke
ys.sty
Package: kvsetkeys 2022-10-05 v1.19 Key value parser (HO)
)
(C:\Users\Shakib's PC\AppData\Local\Programs\MiKTeX\tex/generic/kvdefinekeys\kv
definekeys.sty
Package: kvdefinekeys 2019-12-19 v1.6 Define keys (HO)
)
(C:\Users\Shakib's PC\AppData\Local\Programs\MiKTeX\tex/generic/pdfescape\pdfes
cape.sty
Package: pdfescape 2019/12/09 v1.15 Implements pdfTeX's escape features (HO)

(C:\Users\Shakib's PC\AppData\Local\Programs\MiKTeX\tex/generic/ltxcmds\ltxcmds
.sty
Package: ltxcmds 2023-12-04 v1.26 LaTeX kernel commands for general use (HO)
)
(C:\Users\Shakib's PC\AppData\Local\Programs\MiKTeX\tex/generic/pdftexcmds\pdft
excmds.sty
Package: pdftexcmds 2020-06-27 v0.33 Utility functions of pdfTeX for LuaTeX (HO
)
Package pdftexcmds Info: \pdf@primitive is available.
Package pdftexcmds Info: \pdf@ifprimitive is available.
Package pdftexcmds Info: \pdfdraftmode found.
))
(C:\Users\Shakib's PC\AppData\Local\Programs\MiKTeX\tex/latex/hycolor\hycolor.s
ty
Package: hycolor 2020-01-27 v1.10 Color options for hyperref/bookmark (HO)
)
(C:\Users\Shakib's PC\AppData\Local\Programs\MiKTeX\tex/latex/letltxmacro\letlt
xmacro.sty
Package: letltxmacro 2019/12/03 v1.6 Let assignment for LaTeX macros (HO)
)
(C:\Users\Shakib's PC\AppData\Local\Programs\MiKTeX\tex/latex/auxhook\auxhook.s
ty
Package: auxhook 2019-12-17 v1.6 Hooks for auxiliary files (HO)
)
(C:\Users\Shakib's PC\AppData\Local\Programs\MiKTeX\tex/latex/hyperref\nameref.
sty
Package: nameref 2023-11-26 v2.56 Cross-referencing by name of section

(C:\Users\Shakib's PC\AppData\Local\Programs\MiKTeX\tex/latex/refcount\refcount
.sty
Package: refcount 2019/12/15 v3.6 Data extraction from label references (HO)
)
(C:\Users\Shakib's PC\AppData\Local\Programs\MiKTeX\tex/generic/gettitlestring\
gettitlestring.sty
Package: gettitlestring 2019/12/15 v1.6 Cleanup title references (HO)

(C:\Users\Shakib's PC\AppData\Local\Programs\MiKTeX\tex/latex/kvoptions\kvoptio
ns.sty
Package: kvoptions 2022-06-15 v3.15 Key value format for package options (HO)
))
\c@section@level=\count282
)
(C:\Users\Shakib's PC\AppData\Local\Programs\MiKTeX\tex/latex/etoolbox\etoolbox
.sty
Package: etoolbox 2020/10/05 v2.5k e-TeX tools for LaTeX (JAW)
\etb@tempcnta=\count283
)
\@linkdim=\dimen154
\Hy@linkcounter=\count284
\Hy@pagecounter=\count285

(C:\Users\Shakib's PC\AppData\Local\Programs\MiKTeX\tex/latex/hyperref\pd1enc.d
ef
File: pd1enc.def 2023-11-26 v7.01g Hyperref: PDFDocEncoding definition (HO)
)
(C:\Users\Shakib's PC\AppData\Local\Programs\MiKTeX\tex/generic/intcalc\intcalc
.sty
Package: intcalc 2019/12/15 v1.3 Expandable calculations with integers (HO)
)
\Hy@SavedSpaceFactor=\count286

(C:\Users\Shakib's PC\AppData\Local\Programs\MiKTeX\tex/latex/hyperref\puenc.de
f
File: puenc.def 2023-11-26 v7.01g Hyperref: PDF Unicode definition (HO)
)
Package hyperref Info: Hyper figures OFF on input line 4181.
Package hyperref Info: Link nesting OFF on input line 4186.
Package hyperref Info: Hyper index ON on input line 4189.
Package hyperref Info: Plain pages OFF on input line 4196.
Package hyperref Info: Backreferencing OFF on input line 4201.
Package hyperref Info: Implicit mode ON; LaTeX internals redefined.
Package hyperref Info: Bookmarks ON on input line 4448.
\c@Hy@tempcnt=\count287
 (C:\Users\Shakib's PC\AppData\Local\Programs\MiKTeX\tex/latex/url\url.sty
\Urlmuskip=\muskip17
Package: url 2013/09/16  ver 3.4  Verb mode for urls, etc.
)
LaTeX Info: Redefining \url on input line 4786.
\XeTeXLinkMargin=\dimen155

(C:\Users\Shakib's PC\AppData\Local\Programs\MiKTeX\tex/generic/bitset\bitset.s
ty
Package: bitset 2019/12/09 v1.3 Handle bit-vector datatype (HO)

(C:\Users\Shakib's PC\AppData\Local\Programs\MiKTeX\tex/generic/bigintcalc\bigi
ntcalc.sty
Package: bigintcalc 2019/12/15 v1.5 Expandable calculations on big integers (HO
)
))
\Fld@menulength=\count288
\Field@Width=\dimen156
\Fld@charsize=\dimen157
Package hyperref Info: Hyper figures OFF on input line 6065.
Package hyperref Info: Link nesting OFF on input line 6070.
Package hyperref Info: Hyper index ON on input line 6073.
Package hyperref Info: backreferencing OFF on input line 6080.
Package hyperref Info: Link coloring OFF on input line 6085.
Package hyperref Info: Link coloring with OCG OFF on input line 6090.
Package hyperref Info: PDF/A mode OFF on input line 6095.

(C:\Users\Shakib's PC\AppData\Local\Programs\MiKTeX\tex/latex/base\atbegshi-ltx
.sty
Package: atbegshi-ltx 2021/01/10 v1.0c Emulation of the original atbegshi
package with kernel methods
)
\Hy@abspage=\count289
\c@Item=\count290
\c@Hfootnote=\count291
)
Package hyperref Info: Driver (autodetected): hpdftex.

(C:\Users\Shakib's PC\AppData\Local\Programs\MiKTeX\tex/latex/hyperref\hpdftex.
def
File: hpdftex.def 2023-11-26 v7.01g Hyperref driver for pdfTeX

(C:\Users\Shakib's PC\AppData\Local\Programs\MiKTeX\tex/latex/base\atveryend-lt
x.sty
Package: atveryend-ltx 2020/08/19 v1.0a Emulation of the original atveryend pac
kage
with kernel methods
)
\Fld@listcount=\count292
\c@bookmark@seq@number=\count293

(C:\Users\Shakib's PC\AppData\Local\Programs\MiKTeX\tex/latex/rerunfilecheck\re
runfilecheck.sty
Package: rerunfilecheck 2022-07-10 v1.10 Rerun checks for auxiliary files (HO)

(C:\Users\Shakib's PC\AppData\Local\Programs\MiKTeX\tex/generic/uniquecounter\u
niquecounter.sty
Package: uniquecounter 2019/12/15 v1.4 Provide unlimited unique counter (HO)
)
Package uniquecounter Info: New unique counter `rerunfilecheck' on input line 2
85.
)
\Hy@SectionHShift=\skip53
)
Package hyperref Info: Option `colorlinks' set `true' on input line 11.

(C:\Users\Shakib's PC\AppData\Local\Programs\MiKTeX\tex/latex/graphics\graphicx
.sty
Package: graphicx 2021/09/16 v1.2d Enhanced LaTeX Graphics (DPC,SPQR)

(C:\Users\Shakib's PC\AppData\Local\Programs\MiKTeX\tex/latex/graphics\graphics
.sty
Package: graphics 2022/03/10 v1.4e Standard LaTeX Graphics (DPC,SPQR)

(C:\Users\Shakib's PC\AppData\Local\Programs\MiKTeX\tex/latex/graphics\trig.sty
Package: trig 2021/08/11 v1.11 sin cos tan (DPC)
)
(C:\Users\Shakib's PC\AppData\Local\Programs\MiKTeX\tex/latex/graphics-cfg\grap
hics.cfg
File: graphics.cfg 2016/06/04 v1.11 sample graphics configuration
)
Package graphics Info: Driver file: pdftex.def on input line 107.
)
\Gin@req@height=\dimen158
\Gin@req@width=\dimen159
)
(C:\Users\Shakib's PC\AppData\Local\Programs\MiKTeX\tex/latex/placeins\placeins
.sty
Package: placeins 2005/04/18  v 2.2
)
(C:\Users\Shakib's PC\AppData\Local\Programs\MiKTeX\tex/latex/tools\tabularx.st
y
Package: tabularx 2023/07/08 v2.11c `tabularx' package (DPC)
 (C:\Users\Shakib's PC\AppData\Local\Programs\MiKTeX\tex/latex/tools\array.sty
Package: array 2023/10/16 v2.5g Tabular extension package (FMi)
\col@sep=\dimen160
\ar@mcellbox=\box55
\extrarowheight=\dimen161
\NC@list=\toks24
\extratabsurround=\skip54
\backup@length=\skip55
\ar@cellbox=\box56
)
\TX@col@width=\dimen162
\TX@old@table=\dimen163
\TX@old@col=\dimen164
\TX@target=\dimen165
\TX@delta=\dimen166
\TX@cols=\count294
\TX@ftn=\toks25
)
(C:\Users\Shakib's PC\AppData\Local\Programs\MiKTeX\tex/latex/booktabs\booktabs
.sty
Package: booktabs 2020/01/12 v1.61803398 Publication quality tables
\heavyrulewidth=\dimen167
\lightrulewidth=\dimen168
\cmidrulewidth=\dimen169
\belowrulesep=\dimen170
\belowbottomsep=\dimen171
\aboverulesep=\dimen172
\abovetopsep=\dimen173
\cmidrulesep=\dimen174
\cmidrulekern=\dimen175
\defaultaddspace=\dimen176
\@cmidla=\count295
\@cmidlb=\count296
\@aboverulesep=\dimen177
\@belowrulesep=\dimen178
\@thisruleclass=\count297
\@lastruleclass=\count298
\@thisrulewidth=\dimen179
)
(C:\Users\Shakib's PC\AppData\Local\Programs\MiKTeX\tex/latex/multirow\multirow
.sty
Package: multirow 2024/11/12 v2.9 Span multiple rows of a table
\multirow@colwidth=\skip56
\multirow@cntb=\count299
\multirow@dima=\skip57
\bigstrutjot=\dimen180
)
(C:\Users\Shakib's PC\AppData\Local\Programs\MiKTeX\tex/latex/float\float.sty
Package: float 2001/11/08 v1.3d Float enhancements (AL)
\c@float@type=\count300
\float@exts=\toks26
\float@box=\box57
\@float@everytoks=\toks27
\@floatcapt=\box58
)
(C:\Users\Shakib's PC\AppData\Local\Programs\MiKTeX\tex/generic/babel\babel.sty
Package: babel 2024/01/07 v24.1 The Babel package
\babel@savecnt=\count301
\U@D=\dimen181
\l@unhyphenated=\language79

(C:\Users\Shakib's PC\AppData\Local\Programs\MiKTeX\tex/generic/babel\txtbabel.
def)
\bbl@readstream=\read2
\bbl@dirlevel=\count302

*************************************
* Local config file bblopts.cfg used
*

(C:\Users\Shakib's PC\AppData\Local\Programs\MiKTeX\tex/latex/arabi\bblopts.cfg
File: bblopts.cfg 2005/09/08 v0.1 add Arabic and Farsi to "declared" options of
 babel
)
(C:\Users\Shakib's PC\AppData\Local\Programs\MiKTeX\tex/latex/babel-english\eng
lish.ldf
Language: english 2017/06/06 v3.3r English support from the babel system
Package babel Info: Hyphen rules for 'canadian' set to \l@english
(babel)             (\language0). Reported on input line 102.
Package babel Info: Hyphen rules for 'australian' set to \l@ukenglish
(babel)             (\language73). Reported on input line 105.
Package babel Info: Hyphen rules for 'newzealand' set to \l@ukenglish
(babel)             (\language73). Reported on input line 108.
))
(C:\Users\Shakib's PC\AppData\Local\Programs\MiKTeX\tex/generic/babel/locale/en
\babel-english.tex
Package babel Info: Importing font and identification data for english
(babel)             from babel-en.ini. Reported on input line 11.
)
(C:\Users\Shakib's PC\AppData\Local\Programs\MiKTeX\tex/latex/graphics\lscape.s
ty
Package: lscape 2020/05/28 v3.02 Landscape Pages (DPC)
)
(C:\Users\Shakib's PC\AppData\Local\Programs\MiKTeX\tex/latex/geometry\geometry
.sty
Package: geometry 2020/01/02 v5.9 Page Geometry

(C:\Users\Shakib's PC\AppData\Local\Programs\MiKTeX\tex/generic/iftex\ifvtex.st
y
Package: ifvtex 2019/10/25 v1.7 ifvtex legacy package. Use iftex instead.
)
\Gm@cnth=\count303
\Gm@cntv=\count304
\c@Gm@tempcnt=\count305
\Gm@bindingoffset=\dimen182
\Gm@wd@mp=\dimen183
\Gm@odd@mp=\dimen184
\Gm@even@mp=\dimen185
\Gm@layoutwidth=\dimen186
\Gm@layoutheight=\dimen187
\Gm@layouthoffset=\dimen188
\Gm@layoutvoffset=\dimen189
\Gm@dimlist=\toks28

(C:\Users\Shakib's PC\AppData\Local\Programs\MiKTeX\tex/latex/geometry\geometry
.cfg))
(C:\Users\Shakib's PC\AppData\Local\Programs\MiKTeX\tex/latex/adjustbox\adjustb
ox.sty
Package: adjustbox 2025/02/26 v1.3c Adjusting TeX boxes (trim, clip, ...)

(C:\Users\Shakib's PC\AppData\Local\Programs\MiKTeX\tex/latex/xkeyval\xkeyval.s
ty
Package: xkeyval 2022/06/16 v2.9 package option processing (HA)

(C:\Users\Shakib's PC\AppData\Local\Programs\MiKTeX\tex/generic/xkeyval\xkeyval
.tex
(C:\Users\Shakib's PC\AppData\Local\Programs\MiKTeX\tex/generic/xkeyval\xkvutil
s.tex
\XKV@toks=\toks29
\XKV@tempa@toks=\toks30
)
\XKV@depth=\count306
File: xkeyval.tex 2014/12/03 v2.7a key=value parser (HA)
))
(C:\Users\Shakib's PC\AppData\Local\Programs\MiKTeX\tex/latex/adjustbox\adjcalc
.sty
Package: adjcalc 2012/05/16 v1.1 Provides advanced setlength with multiple back
-ends (calc, etex, pgfmath)
)
(C:\Users\Shakib's PC\AppData\Local\Programs\MiKTeX\tex/latex/adjustbox\trimcli
p.sty
Package: trimclip 2025/02/21 v1.2a Trim and clip general TeX material

(C:\Users\Shakib's PC\AppData\Local\Programs\MiKTeX\tex/latex/collectbox\collec
tbox.sty
Package: collectbox 2022/10/17 v0.4c Collect macro arguments as boxes
\collectedbox=\box59
)
\tc@llx=\dimen190
\tc@lly=\dimen191
\tc@urx=\dimen192
\tc@ury=\dimen193
Package trimclip Info: Using driver 'tc-pdftex.def'.

(C:\Users\Shakib's PC\AppData\Local\Programs\MiKTeX\tex/latex/adjustbox\tc-pdft
ex.def
File: tc-pdftex.def 2025/02/26 v2.3 Clipping driver for pdftex
))
\adjbox@Width=\dimen194
\adjbox@Height=\dimen195
\adjbox@Depth=\dimen196
\adjbox@Totalheight=\dimen197
\adjbox@pwidth=\dimen198
\adjbox@pheight=\dimen199
\adjbox@pdepth=\dimen256
\adjbox@ptotalheight=\dimen257

(C:\Users\Shakib's PC\AppData\Local\Programs\MiKTeX\tex/latex/ifoddpage\ifoddpa
ge.sty
Package: ifoddpage 2022/10/18 v1.2 Conditionals for odd/even page detection
\c@checkoddpage=\count307
)
(C:\Users\Shakib's PC\AppData\Local\Programs\MiKTeX\tex/latex/varwidth\varwidth
.sty
Package: varwidth 2009/03/30 ver 0.92;  Variable-width minipages
\@vwid@box=\box60
\sift@deathcycles=\count308
\@vwid@loff=\dimen258
\@vwid@roff=\dimen259
))
(C:\Users\Shakib's PC\AppData\Local\Programs\MiKTeX\tex/latex/biblatex\biblatex
.sty
Package: biblatex 2023/03/05 v3.19 programmable bibliographies (PK/MW)

(C:\Users\Shakib's PC\AppData\Local\Programs\MiKTeX\tex/latex/logreq\logreq.sty
Package: logreq 2010/08/04 v1.0 xml request logger
\lrq@indent=\count309

(C:\Users\Shakib's PC\AppData\Local\Programs\MiKTeX\tex/latex/logreq\logreq.def
File: logreq.def 2010/08/04 v1.0 logreq spec v1.0
))
(C:\Users\Shakib's PC\AppData\Local\Programs\MiKTeX\tex/latex/base\ifthen.sty
Package: ifthen 2022/04/13 v1.1d Standard LaTeX ifthen package (DPC)
)
\c@tabx@nest=\count310
\c@listtotal=\count311
\c@listcount=\count312
\c@liststart=\count313
\c@liststop=\count314
\c@citecount=\count315
\c@citetotal=\count316
\c@multicitecount=\count317
\c@multicitetotal=\count318
\c@instcount=\count319
\c@maxnames=\count320
\c@minnames=\count321
\c@maxitems=\count322
\c@minitems=\count323
\c@citecounter=\count324
\c@maxcitecounter=\count325
\c@savedcitecounter=\count326
\c@uniquelist=\count327
\c@uniquename=\count328
\c@refsection=\count329
\c@refsegment=\count330
\c@maxextratitle=\count331
\c@maxextratitleyear=\count332
\c@maxextraname=\count333
\c@maxextradate=\count334
\c@maxextraalpha=\count335
\c@abbrvpenalty=\count336
\c@highnamepenalty=\count337
\c@lownamepenalty=\count338
\c@maxparens=\count339
\c@parenlevel=\count340
\blx@tempcnta=\count341
\blx@tempcntb=\count342
\blx@tempcntc=\count343
\c@blx@maxsection=\count344
\blx@maxsegment@0=\count345
\blx@notetype=\count346
\blx@parenlevel@text=\count347
\blx@parenlevel@foot=\count348
\blx@sectionciteorder@0=\count349
\blx@sectionciteorderinternal@0=\count350
\blx@entrysetcounter=\count351
\blx@biblioinstance=\count352
\labelnumberwidth=\skip58
\labelalphawidth=\skip59
\biblabelsep=\skip60
\bibitemsep=\skip61
\bibnamesep=\skip62
\bibinitsep=\skip63
\bibparsep=\skip64
\bibhang=\skip65
\blx@bcfin=\read3
\blx@bcfout=\write3
\blx@langwohyphens=\language80
\c@mincomprange=\count353
\c@maxcomprange=\count354
\c@mincompwidth=\count355
Package biblatex Info: Trying to load biblatex default data model...
Package biblatex Info: ... file 'blx-dm.def' found.

(C:\Users\Shakib's PC\AppData\Local\Programs\MiKTeX\tex/latex/biblatex\blx-dm.d
ef
File: blx-dm.def 2023/03/05 v3.19 biblatex localization (PK/MW)
)
Package biblatex Info: Trying to load biblatex style data model...
Package biblatex Info: ... file 'numeric.dbx' not found.
Package biblatex Info: Trying to load biblatex custom data model...
Package biblatex Info: ... file 'biblatex-dm.cfg' not found.
\c@afterword=\count356
\c@savedafterword=\count357
\c@annotator=\count358
\c@savedannotator=\count359
\c@author=\count360
\c@savedauthor=\count361
\c@bookauthor=\count362
\c@savedbookauthor=\count363
\c@commentator=\count364
\c@savedcommentator=\count365
\c@editor=\count366
\c@savededitor=\count367
\c@editora=\count368
\c@savededitora=\count369
\c@editorb=\count370
\c@savededitorb=\count371
\c@editorc=\count372
\c@savededitorc=\count373
\c@foreword=\count374
\c@savedforeword=\count375
\c@holder=\count376
\c@savedholder=\count377
\c@introduction=\count378
\c@savedintroduction=\count379
\c@namea=\count380
\c@savednamea=\count381
\c@nameb=\count382
\c@savednameb=\count383
\c@namec=\count384
\c@savednamec=\count385
\c@translator=\count386
\c@savedtranslator=\count387
\c@shortauthor=\count388
\c@savedshortauthor=\count389
\c@shorteditor=\count390
\c@savedshorteditor=\count391
\c@labelname=\count392
\c@savedlabelname=\count393
\c@institution=\count394
\c@savedinstitution=\count395
\c@lista=\count396
\c@savedlista=\count397
\c@listb=\count398
\c@savedlistb=\count399
\c@listc=\count400
\c@savedlistc=\count401
\c@listd=\count402
\c@savedlistd=\count403
\c@liste=\count404
\c@savedliste=\count405
\c@listf=\count406
\c@savedlistf=\count407
\c@location=\count408
\c@savedlocation=\count409
\c@organization=\count410
\c@savedorganization=\count411
\c@origlocation=\count412
\c@savedoriglocation=\count413
\c@origpublisher=\count414
\c@savedorigpublisher=\count415
\c@publisher=\count416
\c@savedpublisher=\count417
\c@language=\count418
\c@savedlanguage=\count419
\c@origlanguage=\count420
\c@savedoriglanguage=\count421
\c@pageref=\count422
\c@savedpageref=\count423
\shorthandwidth=\skip66
\shortjournalwidth=\skip67
\shortserieswidth=\skip68
\shorttitlewidth=\skip69
\shortauthorwidth=\skip70
\shorteditorwidth=\skip71
\locallabelnumberwidth=\skip72
\locallabelalphawidth=\skip73
\localshorthandwidth=\skip74
\localshortjournalwidth=\skip75
\localshortserieswidth=\skip76
\localshorttitlewidth=\skip77
\localshortauthorwidth=\skip78
\localshorteditorwidth=\skip79
Package biblatex Info: Trying to load compatibility code...
Package biblatex Info: ... file 'blx-compat.def' found.

(C:\Users\Shakib's PC\AppData\Local\Programs\MiKTeX\tex/latex/biblatex\blx-comp
at.def
File: blx-compat.def 2023/03/05 v3.19 biblatex compatibility (PK/MW)
)
Package biblatex Info: Trying to load BibTeX backend compatibility...
Package biblatex Info: ... file 'blx-bibtex.def' found.

(C:\Users\Shakib's PC\AppData\Local\Programs\MiKTeX\tex/latex/biblatex\blx-bibt
ex.def
File: blx-bibtex.def 2023/03/05 v3.19 biblatex compatibility (PK/MW)


Package biblatex Warning: Using fall-back bibtex backend:
(biblatex)                functionality may be reduced/unavailable.

)
Package biblatex Info: Trying to load generic definitions...
Package biblatex Info: ... file 'biblatex.def' found.

(C:\Users\Shakib's PC\AppData\Local\Programs\MiKTeX\tex/latex/biblatex\biblatex
.def
File: biblatex.def 2023/03/05 v3.19 biblatex compatibility (PK/MW)
\c@textcitecount=\count424
\c@textcitetotal=\count425
\c@textcitemaxnames=\count426
\c@biburlbigbreakpenalty=\count427
\c@biburlbreakpenalty=\count428
\c@biburlnumpenalty=\count429
\c@biburlucpenalty=\count430
\c@biburllcpenalty=\count431
\biburlbigskip=\muskip18
\biburlnumskip=\muskip19
\biburlucskip=\muskip20
\biburllcskip=\muskip21
\c@smartand=\count432
)
Package biblatex Info: Trying to load bibliography style 'numeric'...
Package biblatex Info: ... file 'numeric.bbx' found.

(C:\Users\Shakib's PC\AppData\Local\Programs\MiKTeX\tex/latex/biblatex/bbx\nume
ric.bbx
File: numeric.bbx 2023/03/05 v3.19 biblatex bibliography style (PK/MW)
Package biblatex Info: Trying to load bibliography style 'standard'...
Package biblatex Info: ... file 'standard.bbx' found.

(C:\Users\Shakib's PC\AppData\Local\Programs\MiKTeX\tex/latex/biblatex/bbx\stan
dard.bbx
File: standard.bbx 2023/03/05 v3.19 biblatex bibliography style (PK/MW)
\c@bbx:relatedcount=\count433
\c@bbx:relatedtotal=\count434
))
Package biblatex Info: Trying to load citation style 'numeric'...
Package biblatex Info: ... file 'numeric.cbx' found.

(C:\Users\Shakib's PC\AppData\Local\Programs\MiKTeX\tex/latex/biblatex/cbx\nume
ric.cbx
File: numeric.cbx 2023/03/05 v3.19 biblatex citation style (PK/MW)
Package biblatex Info: Redefining '\cite'.
Package biblatex Info: Redefining '\parencite'.
Package biblatex Info: Redefining '\footcite'.
Package biblatex Info: Redefining '\footcitetext'.
Package biblatex Info: Redefining '\smartcite'.
Package biblatex Info: Redefining '\supercite'.
Package biblatex Info: Redefining '\textcite'.
Package biblatex Info: Redefining '\textcites'.
Package biblatex Info: Redefining '\cites'.
Package biblatex Info: Redefining '\parencites'.
Package biblatex Info: Redefining '\smartcites'.
)
Package biblatex Info: Trying to load configuration file...
Package biblatex Info: ... file 'biblatex.cfg' found.

(C:\Users\Shakib's PC\AppData\Local\Programs\MiKTeX\tex/latex/biblatex\biblatex
.cfg
File: biblatex.cfg 
)
Package biblatex Info: No input encoding detected.
(biblatex)             Assuming 'ascii'.
Package biblatex Info: Document encoding not detected as UTF8.
(biblatex)             Setting 'casechanger=latex2e'.

(C:\Users\Shakib's PC\AppData\Local\Programs\MiKTeX\tex/latex/biblatex\blx-case
-latex2e.sty
Package: blx-case-latex2e 2023/03/05 v3.19 biblatex compatibility (PK/MW)
))
(C:\Users\Shakib's PC\AppData\Local\Programs\MiKTeX\tex/latex/preprint\fullpage
.sty
Package: fullpage 1999/02/23 1.1 (PWD)
\FP@margin=\skip80
)
(C:\Users\Shakib's PC\AppData\Local\Programs\MiKTeX\tex/latex/setspace\setspace
.sty
Package: setspace 2022/12/04 v6.7b set line spacing
)
(C:\Users\Shakib's PC\AppData\Local\Programs\MiKTeX\tex/latex/subfig\subfig.sty
Package: subfig 2005/06/28 ver: 1.3 subfig package

(C:\Users\Shakib's PC\AppData\Local\Programs\MiKTeX\tex/latex/caption\caption.s
ty
Package: caption 2023/08/05 v3.6o Customizing captions (AR)

(C:\Users\Shakib's PC\AppData\Local\Programs\MiKTeX\tex/latex/caption\caption3.
sty
Package: caption3 2023/07/31 v2.4d caption3 kernel (AR)
\caption@tempdima=\dimen260
\captionmargin=\dimen261
\caption@leftmargin=\dimen262
\caption@rightmargin=\dimen263
\caption@width=\dimen264
\caption@indent=\dimen265
\caption@parindent=\dimen266
\caption@hangindent=\dimen267
Package caption Info: Standard document class detected.
)
\c@caption@flags=\count435
\c@continuedfloat=\count436
Package caption Info: float package is loaded.
Package caption Info: hyperref package is loaded.
Package caption Info: listings package is loaded.
)
\c@KVtest=\count437
\sf@farskip=\skip81
\sf@captopadj=\dimen268
\sf@capskip=\skip82
\sf@nearskip=\skip83
\c@subfigure=\count438
\c@subfigure@save=\count439
\c@lofdepth=\count440
\c@subtable=\count441
\c@subtable@save=\count442
\c@lotdepth=\count443
\sf@top=\skip84
\sf@bottom=\skip85
)
(C:\Users\Shakib's PC\AppData\Local\Programs\MiKTeX\tex/latex/appendix\appendix
.sty
Package: appendix 2020/02/08 v1.2c extra appendix facilities
\c@@pps=\count444
\c@@ppsavesec=\count445
\c@@ppsaveapp=\count446
)
(C:\Users\Shakib's PC\AppData\Local\Programs\MiKTeX\tex/latex/acronym\acronym.s
ty
Package: acronym 2025/01/17 v1.50 Support for acronyms (Tobias Oetiker)

(C:\Users\Shakib's PC\AppData\Local\Programs\MiKTeX\tex/latex/bigfoot\suffix.st
y
Package: suffix 2006/07/15 1.5a Variant command support
)
(C:\Users\Shakib's PC\AppData\Local\Programs\MiKTeX\tex/latex/xstring\xstring.s
ty
(C:\Users\Shakib's PC\AppData\Local\Programs\MiKTeX\tex/generic/xstring\xstring
.tex
\xs_counta=\count447
\xs_countb=\count448
)
Package: xstring 2023/08/22 v1.86 String manipulations (CT)
)
\AC@clearlist=\toks31
)
(C:\Users\Shakib's PC\AppData\Local\Programs\MiKTeX\tex/latex/algorithms\algori
thmic.sty
Package: algorithmic 2009/08/24 v0.1 Document Style `algorithmic'
\c@ALC@unique=\count449
\c@ALC@line=\count450
\c@ALC@rem=\count451
\c@ALC@depth=\count452
\ALC@tlm=\skip86
\algorithmicindent=\skip87
)
(C:\Users\Shakib's PC\AppData\Local\Programs\MiKTeX\tex/latex/algorithms\algori
thm.sty
Package: algorithm 2009/08/24 v0.1 Document Style `algorithm' - floating enviro
nment
\@float@every@algorithm=\toks32
\c@algorithm=\count453
)
(C:\Users\Shakib's PC\AppData\Local\Programs\MiKTeX\tex/generic/iftex\ifpdf.sty
Package: ifpdf 2019/10/25 v3.4 ifpdf legacy package. Use iftex instead.
)
(C:\Users\Shakib's PC\AppData\Local\Programs\MiKTeX\tex/latex/listings\lstlang1
.sty
File: lstlang1.sty 2023/02/27 1.9 listings language file
)

Package biblatex Warning: 'babel/polyglossia' detected but 'csquotes' missing.
(biblatex)                Loading 'csquotes' recommended.

\@quotelevel=\count454
\@quotereset=\count455

(C:\Users\Shakib's PC\AppData\Local\Programs\MiKTeX\tex/latex/l3backend\l3backe
nd-pdftex.def
File: l3backend-pdftex.def 2024-01-04 L3 backend support: PDF output (pdfTeX)
\l__color_backend_stack_int=\count456
\l__pdf_internal_box=\box61
)
No file bachelor.aux.
\openout1 = `bachelor.aux'.

LaTeX Font Info:    Checking defaults for OML/cmm/m/it on input line 132.
LaTeX Font Info:    ... okay on input line 132.
LaTeX Font Info:    Checking defaults for OMS/cmsy/m/n on input line 132.
LaTeX Font Info:    ... okay on input line 132.
LaTeX Font Info:    Checking defaults for OT1/cmr/m/n on input line 132.
LaTeX Font Info:    ... okay on input line 132.
LaTeX Font Info:    Checking defaults for T1/cmr/m/n on input line 132.
LaTeX Font Info:    ... okay on input line 132.
LaTeX Font Info:    Checking defaults for TS1/cmr/m/n on input line 132.
LaTeX Font Info:    ... okay on input line 132.
LaTeX Font Info:    Checking defaults for OMX/cmex/m/n on input line 132.
LaTeX Font Info:    ... okay on input line 132.
LaTeX Font Info:    Checking defaults for U/cmr/m/n on input line 132.
LaTeX Font Info:    ... okay on input line 132.
LaTeX Font Info:    Checking defaults for PD1/pdf/m/n on input line 132.
LaTeX Font Info:    ... okay on input line 132.
LaTeX Font Info:    Checking defaults for PU/pdf/m/n on input line 132.
LaTeX Font Info:    ... okay on input line 132.
\c@lstlisting=\count457

(C:\Users\Shakib's PC\AppData\Local\Programs\MiKTeX\tex/context/base/mkii\supp-
pdf.mkii
[Loading MPS to PDF converter (version 2006.09.02).]
\scratchcounter=\count458
\scratchdimen=\dimen269
\scratchbox=\box62
\nofMPsegments=\count459
\nofMParguments=\count460
\everyMPshowfont=\toks33
\MPscratchCnt=\count461
\MPscratchDim=\dimen270
\MPnumerator=\count462
\makeMPintoPDFobject=\count463
\everyMPtoPDFconversion=\toks34
)
(C:\Users\Shakib's PC\AppData\Local\Programs\MiKTeX\tex/latex/epstopdf-pkg\epst
opdf-base.sty
Package: epstopdf-base 2020-01-24 v2.11 Base part for package epstopdf
Package epstopdf-base Info: Redefining graphics rule for `.eps' on input line 4
85.

(C:\Users\Shakib's PC\AppData\Local\Programs\MiKTeX\tex/latex/00miktex\epstopdf
-sys.cfg
File: epstopdf-sys.cfg 2021/03/18 v2.0 Configuration of epstopdf for MiKTeX
))
Package hyperref Info: Link coloring ON on input line 132.
\@outlinefile=\write4
\openout4 = `bachelor.out'.


*geometry* driver: auto-detecting
*geometry* detected driver: pdftex
*geometry* verbose mode - [ preamble ] result:
* driver: pdftex
* paper: a4paper
* layout: <same size as paper>
* layoutoffset:(h,v)=(0.0pt,0.0pt)
* modes: 
* h-part:(L,W,R)=(89.62709pt, 418.25368pt, 89.6271pt)
* v-part:(T,H,B)=(101.40665pt, 591.5302pt, 152.11pt)
* \paperwidth=597.50787pt
* \paperheight=845.04684pt
* \textwidth=452.9679pt
* \textheight=633.50687pt
* \oddsidemargin=0.0pt
* \evensidemargin=0.0pt
* \topmargin=0.0pt
* \headheight=12.0pt
* \headsep=25.0pt
* \topskip=12.0pt
* \footskip=30.0pt
* \marginparwidth=35.0pt
* \marginparsep=10.0pt
* \columnsep=10.0pt
* \skip\footins=10.8pt plus 4.0pt minus 2.0pt
* \hoffset=0.0pt
* \voffset=0.0pt
* \mag=1000
* \@twocolumnfalse
* \@twosidefalse
* \@mparswitchfalse
* \@reversemarginfalse
* (1in=72.27pt=25.4mm, 1cm=28.453pt)

Package biblatex Info: Trying to load language 'english'...
Package biblatex Info: ... file 'english.lbx' found.

(C:\Users\Shakib's PC\AppData\Local\Programs\MiKTeX\tex/latex/biblatex/lbx\engl
ish.lbx
File: english.lbx 2023/03/05 v3.19 biblatex localization (PK/MW)
)
Package biblatex Info: No input encoding detected.
(biblatex)             Assuming 'ascii'.
Package biblatex Info: Automatic encoding selection.
(biblatex)             Assuming data encoding 'ascii'.
Package biblatex Info: No input encoding detected.
(biblatex)             Assuming 'ascii'.
Package biblatex Info: Data encoding 'ascii' specified.
(biblatex)             No need to reencode data.
\openout3 = `bachelor-blx.bib'.

Package biblatex Info: Trying to load bibliographic data...
Package biblatex Info: ... file 'bachelor.bbl' not found.

No file bachelor.bbl.
Package biblatex Info: Reference section=0 on input line 132.
Package biblatex Info: Reference segment=0 on input line 132.
Package caption Info: Begin \AtBeginDocument code.
Package caption Info: subfig package v1.3 is loaded.
Package caption Info: End \AtBeginDocument code.
\openout2 = `GUC_TitlePage.aux'.

(GUC_TitlePage.tex
Package epstopdf Info: Source file: <GUC-logo-ss.eps>
(epstopdf)                    date: 2025-06-26 16:48:31
(epstopdf)                    size: 23913 bytes
(epstopdf)             Output file: <GUC-logo-ss-eps-converted-to.pdf>
(epstopdf)             Command: <miktex-epstopdf --outfile=GUC-logo-ss-eps-conv
erted-to.pdf GUC-logo-ss.eps>
(epstopdf)             \includegraphics on input line 35.
runsystem(miktex-epstopdf --outfile=GUC-logo-ss-eps-converted-to.pdf GUC-logo-s
s.eps)...executed safely (allowed).

Package epstopdf Info: Result file: <GUC-logo-ss-eps-converted-to.pdf>
(epstopdf)                    date: 2025-06-26 20:43:35
(epstopdf)                    size: 7043 bytes.
<GUC-logo-ss-eps-converted-to.pdf, id=3, 271.0125pt x 259.97125pt>
File: GUC-logo-ss-eps-converted-to.pdf Graphic file (type pdf)
<use GUC-logo-ss-eps-converted-to.pdf>
Package pdftex.def Info: GUC-logo-ss-eps-converted-to.pdf  used on input line 3
5.
(pdftex.def)             Requested size: 71.13188pt x 68.23355pt.
 [1


{C:/Users/Shakib's PC/AppData/Local/MiKTeX/fonts/map/pdftex/pdftex.map} <./GUC-
logo-ss-eps-converted-to.pdf>] [2

]
Package epstopdf Info: Source file: <GUC-logo-ss.eps>
(epstopdf)                    date: 2025-06-26 16:48:31
(epstopdf)                    size: 23913 bytes
(epstopdf)             Output file: <GUC-logo-ss-eps-converted-to.pdf>
(epstopdf)                    date: 2025-06-26 20:43:35
(epstopdf)                    size: 7043 bytes
(epstopdf)             Command: <miktex-epstopdf --outfile=GUC-logo-ss-eps-conv
erted-to.pdf GUC-logo-ss.eps>
(epstopdf)             \includegraphics on input line 37.
Package epstopdf Info: Output file is already uptodate.
File: GUC-logo-ss-eps-converted-to.pdf Graphic file (type pdf)
<use GUC-logo-ss-eps-converted-to.pdf>
Package pdftex.def Info: GUC-logo-ss-eps-converted-to.pdf  used on input line 3
7.
(pdftex.def)             Requested size: 71.13188pt x 68.23355pt.
 [3

] [4

])
\openout2 = `acknowledgments.aux'.


(acknowledgments.tex) [5





]
\openout2 = `abstract.aux'.

 (abstract.tex
Missing character: There is no â in font cmr12!
Missing character: There is no € in font cmr12!
Missing character: There is no ” in font cmr12!
Missing character: There is no â in font cmr12!
Missing character: There is no € in font cmr12!
Missing character: There is no ” in font cmr12!
[6




]) [7]
No file bachelor.toc.
\tf@toc=\write5
\openout5 = `bachelor.toc'.

[8



]
\openout2 = `introduction.aux'.

 (introduction.tex
Chapter 1.

LaTeX Warning: Citation 'gonzalez2002digital' on page 1 undefined on input line
 9.


LaTeX Warning: Citation 'gordillo2013state' on page 1 undefined on input line 9
.


Overfull \hbox (49.47667pt too wide) in paragraph at lines 9--10
\OT1/cmr/m/n/12 cess-ing tech-niques such as thresh-old-ing, re-gion grow-ing, 
and edge de-tec-tion [[]],
 []


Overfull \hbox (57.29453pt too wide) in paragraph at lines 9--10
\OT1/cmr/m/n/12 com-bined with hand-crafted fea-tures and tra-di-tional ma-chin
e learn-ing clas-si-fiers [[]].
 []


LaTeX Warning: Citation 'ronneberger2015unet' on page 1 undefined on input line
 11.


LaTeX Warning: Citation 'badrinarayanan2017segnet' on page 1 undefined on input
 line 11.


Overfull \hbox (31.71957pt too wide) in paragraph at lines 11--12
\OT1/cmr/m/n/12 dom-i-nant paradigm for se-man-tic seg-men-ta-tion. Mod-els suc
h as U-Net [[]]
 []


Overfull \hbox (0.7582pt too wide) in paragraph at lines 11--12
\OT1/cmr/m/n/12 and Seg-Net [[]] have demon-strated re-mark-able im-prove-ments

 []

[1



]

LaTeX Warning: Citation 'badrinarayanan2017segnet' on page 2 undefined on input
 line 28.


LaTeX Warning: Citation 'sobel1968isotropic' on page 2 undefined on input line 
37.


LaTeX Warning: Citation 'gabor1946theory' on page 2 undefined on input line 37.



LaTeX Warning: Citation 'gonzalez2002digital' on page 2 undefined on input line
 37.


Overfull \hbox (32.20761pt too wide) in paragraph at lines 37--38
[]\OT1/cmr/bx/n/12 Classical fea-ture de-tec-tion: \OT1/cmr/m/n/12 In-cor-po-ra
t-ing So-bel edge de-tec-tion [[]],
 []

[2]

LaTeX Warning: Citation 'fathi2013automatic' on page 3 undefined on input line 
41.

[3]

LaTeX Warning: Reference `chap:background' on page 4 undefined on input line 94
.


LaTeX Warning: Reference `chap:methodology' on page 4 undefined on input line 9
6.

[4]

LaTeX Warning: Reference `chap:conclusion' on page 5 undefined on input line 98
.


LaTeX Warning: Reference `chap:future_work' on page 5 undefined on input line 1
00.

) [5]
\openout2 = `background.aux'.

 (background.tex
Chapter 2.

LaTeX Warning: Citation 'menze2015brats' on page 6 undefined on input line 13.


LaTeX Warning: Citation 'bakas2017brats' on page 6 undefined on input line 13.


LaTeX Warning: Citation 'brats2020' on page 6 undefined on input line 13.

Missing character: There is no â in font cmr12!
Missing character: There is no € in font cmr12!
Missing character: There is no ” in font cmr12!

LaTeX Warning: Citation 'ronneberger2015unet' on page 6 undefined on input line
 15.

Missing character: There is no â in font cmr12!
Missing character: There is no € in font cmr12!
Missing character: There is no ” in font cmr12!
Missing character: There is no â in font cmr12!
Missing character: There is no € in font cmr12!
Missing character: There is no “ in font cmr12!

LaTeX Warning: Citation 'badrinarayanan2017segnet' on page 6 undefined on input
 line 17.

[6




]

LaTeX Warning: Citation 'sobel1968isotropic' on page 7 undefined on input line 
24.


LaTeX Warning: Citation 'gordillo2013state' on page 7 undefined on input line 2
4.

Missing character: There is no â in font cmr12!
Missing character: There is no € in font cmr12!
Missing character: There is no ” in font cmr12!
Missing character: There is no â in font cmr12!
Missing character: There is no € in font cmr12!
Missing character: There is no ” in font cmr12!
Missing character: There is no â in font cmr12!
Missing character: There is no € in font cmr12!
Missing character: There is no ” in font cmr12!
Missing character: There is no â in font cmr12!
Missing character: There is no € in font cmr12!
Missing character: There is no ” in font cmr12!

LaTeX Warning: Citation 'litjens2017survey' on page 7 undefined on input line 3
5.

[7]
Missing character: There is no â in font cmbx12!
Missing character: There is no € in font cmbx12!
Missing character: There is no “ in font cmbx12!
Missing character: There is no â in font cmr12!
Missing character: There is no € in font cmr12!
Missing character: There is no “ in font cmr12!

LaTeX Warning: Citation 'ronneberger2015unet' on page 8 undefined on input line
 45.

Missing character: There is no â in font cmbx12!
Missing character: There is no € in font cmbx12!
Missing character: There is no “ in font cmbx12!

LaTeX Warning: Citation 'ronneberger2015unet' on page 8 undefined on input line
 54.

[8]

LaTeX Warning: Citation 'badrinarayanan2017segnet' on page 9 undefined on input
 line 61.

Missing character: There is no â in font cmr12!
Missing character: There is no € in font cmr12!
Missing character: There is no “ in font cmr12!
[9]

LaTeX Warning: Citation 'kasar2024comparative' on page 10 undefined on input li
ne 87.


LaTeX Warning: Citation 'vedhasri2024segmentation' on page 10 undefined on inpu
t line 87.


Overfull \hbox (8.64838pt too wide) in paragraph at lines 87--88
 []\OT1/cmr/bx/n/12 Limitations and Trade-Offs[] \OT1/cmr/m/n/12 While Seg-Net 
is ef-fi-cient, it may pro-duce slightly smoother
 []


Overfull \hbox (15.81703pt too wide) in paragraph at lines 87--88
\OT1/cmr/m/n/12 lead to sub-tle in-ac-cu-ra-cies in fine struc-tures. Com-par-a
-tive stud-ies [[],
 []


LaTeX Warning: Citation 'allah2023edge' on page 10 undefined on input line 105.



LaTeX Warning: Citation 'sobel1968isotropic' on page 10 undefined on input line
 105.

[10]
Missing character: There is no â in font cmr12!
Missing character: There is no € in font cmr12!
Missing character: There is no ” in font cmr12!

LaTeX Warning: Citation 'alqazzaz2019brats' on page 11 undefined on input line 
109.


LaTeX Warning: Citation 'cheng2023feature' on page 11 undefined on input line 1
20.

Missing character: There is no â in font cmr12!
Missing character: There is no € in font cmr12!
Missing character: There is no ” in font cmr12!
Missing character: There is no â in font cmr12!
Missing character: There is no € in font cmr12!
Missing character: There is no ” in font cmr12!
Missing character: There is no â in font cmr12!
Missing character: There is no € in font cmr12!
Missing character: There is no ” in font cmr12!
[11]

LaTeX Warning: Citation 'palleti2025modified' on page 12 undefined on input lin
e 128.


LaTeX Warning: Citation 'gabor1946theory' on page 12 undefined on input line 12
8.


LaTeX Warning: Citation 'bidkar2022evolutionary' on page 12 undefined on input 
line 132.


LaTeX Warning: Citation 'kasar2024comparative' on page 12 undefined on input li
ne 136.


LaTeX Warning: Citation 'vedhasri2024segmentation' on page 12 undefined on inpu
t line 136.

[12]

LaTeX Warning: Citation 'zhou20193dsegnet' on page 13 undefined on input line 1
40.


LaTeX Warning: Citation 'cui2021gansegnet' on page 13 undefined on input line 1
44.

Missing character: There is no â in font cmr12!
Missing character: There is no € in font cmr12!
Missing character: There is no ” in font cmr12!
Missing character: There is no â in font cmr12!
Missing character: There is no € in font cmr12!
Missing character: There is no ” in font cmr12!
Missing character: There is no â in font cmr12!
Missing character: There is no € in font cmr12!
Missing character: There is no ” in font cmr12!
Missing character: There is no â in font cmr12!
Missing character: There is no € in font cmr12!
Missing character: There is no ” in font cmr12!
[13]
Overfull \hbox (35.9366pt too wide) in paragraph at lines 150--150
[]\OT1/cmr/bx/n/14.4 Synthesis and Ra-tio-nale for a SegNet-Based, Feature-Dete
ction
 []

Missing character: There is no â in font cmr12!
Missing character: There is no € in font cmr12!
Missing character: There is no ” in font cmr12!
Missing character: There is no â in font cmr12!
Missing character: There is no € in font cmr12!
Missing character: There is no ” in font cmr12!
Missing character: There is no â in font cmr12!
Missing character: There is no € in font cmr12!
Missing character: There is no ” in font cmr12!
Missing character: There is no â in font cmr12!
Missing character: There is no € in font cmr12!
Missing character: There is no ” in font cmr12!
Missing character: There is no â in font cmr12!
Missing character: There is no € in font cmr12!
Missing character: There is no ” in font cmr12!
Missing character: There is no â in font cmr12!
Missing character: There is no € in font cmr12!
Missing character: There is no ” in font cmr12!
[14]
Missing character: There is no â in font cmr12!
Missing character: There is no € in font cmr12!
Missing character: There is no ” in font cmr12!
Missing character: There is no â in font cmr12!
Missing character: There is no € in font cmr12!
Missing character: There is no ” in font cmr12!
[15]

LaTeX Warning: Citation 'datacamp2023cnn' on page 16 undefined on input line 19
2.

Missing character: There is no â in font cmr12!
Missing character: There is no € in font cmr12!
Missing character: There is no “ in font cmr12!

LaTeX Warning: Citation 'datacamp2023cnn' on page 16 undefined on input line 19
4.

Missing character: There is no â in font cmr12!
Missing character: There is no € in font cmr12!
Missing character: There is no “ in font cmr12!
Missing character: There is no â in font cmr12!
Missing character: There is no € in font cmr12!
Missing character: There is no “ in font cmr12!
Missing character: There is no Ã in font cmr12!
Missing character: There is no — in font cmr12!
Missing character: There is no Ã in font cmr12!
Missing character: There is no — in font cmr12!

LaTeX Warning: Citation 'medium2022cnn' on page 16 undefined on input line 201.


Missing character: There is no â in font cmr12!
Missing character: There is no € in font cmr12!
Missing character: There is no “ in font cmr12!

LaTeX Warning: Citation 'datacamp2023cnn' on page 16 undefined on input line 20
1.

[16]
Missing character: There is no â in font cmr12!
Missing character: There is no € in font cmr12!
Missing character: There is no “ in font cmr12!
Missing character: There is no Ã in font cmr12!
Missing character: There is no — in font cmr12!
Missing character: There is no â in font cmr12!
Missing character: There is no € in font cmr12!
Missing character: There is no “ in font cmr12!

LaTeX Warning: Citation 'datacamp2023cnn' on page 17 undefined on input line 20
8.


LaTeX Warning: Citation 'medium2022cnn' on page 17 undefined on input line 210.


Missing character: There is no â in font cmr12!
Missing character: There is no € in font cmr12!
Missing character: There is no “ in font cmr12!

Overfull \hbox (14.32045pt too wide) in paragraph at lines 210--211
[]\OT1/cmr/bx/n/12 Analogy: \OT1/cmr/m/n/12 Pool-ing is like zoom-ing out on an
 im-age to get a sim-pler view [[]].
 []

[17]
Missing character: There is no â in font cmr12!
Missing character: There is no € in font cmr12!
Missing character: There is no “ in font cmr12!
Missing character: There is no â in font cmr12!
Missing character: There is no € in font cmr12!
Missing character: There is no “ in font cmr12!

LaTeX Warning: Citation 'ieee2023dnn' on page 18 undefined on input line 217.

Missing character: There is no â in font cmr12!
Missing character: There is no € in font cmr12!
Missing character: There is no “ in font cmr12!
Missing character: There is no â in font cmr12!
Missing character: There is no € in font cmr12!
Missing character: There is no “ in font cmr12!
[18]
Missing character: There is no â in font cmbx12!
Missing character: There is no € in font cmbx12!
Missing character: There is no “ in font cmbx12!

LaTeX Warning: Citation 'guide2024segmentation' on page 19 undefined on input l
ine 226.


LaTeX Warning: Citation 'paperswithcode2023segnet' on page 19 undefined on inpu
t line 228.


Overfull \hbox (43.75912pt too wide) in paragraph at lines 228--229
[]\OT1/cmr/m/n/12 SegNet is one such encoder-decoder ar-chi-tec-ture for seg-me
n-ta-tion [[]].
 []


LaTeX Warning: Citation 'paperswithcode2023segnet' on page 19 undefined on inpu
t line 236.

[19]

LaTeX Warning: Citation 'paperswithcode2023segnet' on page 20 undefined on inpu
t line 241.

Missing character: There is no â in font cmr12!
Missing character: There is no € in font cmr12!
Missing character: There is no “ in font cmr12!

LaTeX Warning: Citation 'paperswithcode2023segnet' on page 20 undefined on inpu
t line 246.


LaTeX Warning: Citation 'fezan2023segmentation' on page 20 undefined on input l
ine 246.


LaTeX Warning: Citation 'fezan2023segmentation' on page 20 undefined on input l
ine 246.

[20]

LaTeX Warning: Citation 'paperswithcode2023segnet' on page 21 undefined on inpu
t line 256.

Missing character: There is no â in font cmr12!
Missing character: There is no € in font cmr12!
Missing character: There is no “ in font cmr12!

Overfull \hbox (67.32416pt too wide) in paragraph at lines 256--257
\OT1/cmr/m/n/12 The key in-no-va-tion in Seg-Net is this pool-ing in-dex trans-
fer mech-a-nism [[]].
 []


LaTeX Warning: Citation 'paperswithcode2023segnet' on page 21 undefined on inpu
t line 261.

Missing character: There is no Ã in font cmr12!
Missing character: There is no — in font cmr12!
[21]

LaTeX Warning: Citation 'paperswithcode2023segnet' on page 22 undefined on inpu
t line 271.


LaTeX Warning: Citation 'fezan2023segmentation' on page 22 undefined on input l
ine 271.

Missing character: There is no â in font cmr12!
Missing character: There is no € in font cmr12!
Missing character: There is no “ in font cmr12!
Missing character: There is no Ã in font cmr12!
Missing character: There is no — in font cmr12!

LaTeX Warning: Citation 'fezan2023segmentation' on page 22 undefined on input l
ine 273.

Missing character: There is no â in font cmr12!
Missing character: There is no € in font cmr12!
Missing character: There is no “ in font cmr12!

LaTeX Warning: Citation 'fezan2023segmentation' on page 22 undefined on input l
ine 275.

Missing character: There is no â in font cmr12!
Missing character: There is no € in font cmr12!
Missing character: There is no “ in font cmr12!
[22]
Missing character: There is no â in font cmr12!
Missing character: There is no € in font cmr12!
Missing character: There is no “ in font cmr12!

LaTeX Warning: Citation 'nature2023mri' on page 23 undefined on input line 282.


Missing character: There is no â in font cmr12!
Missing character: There is no € in font cmr12!
Missing character: There is no “ in font cmr12!

LaTeX Warning: Citation 'researchgate2023modalities' on page 23 undefined on in
put line 285.

Missing character: There is no â in font cmr12!
Missing character: There is no € in font cmr12!
Missing character: There is no “ in font cmr12!

LaTeX Warning: Citation 'researchgate2023modalities' on page 23 undefined on in
put line 288.


LaTeX Warning: Citation 'researchgate2023modalities' on page 23 undefined on in
put line 291.

[23]

LaTeX Warning: Citation 'nature2023mri' on page 24 undefined on input line 293.


Missing character: There is no â in font cmr12!
Missing character: There is no € in font cmr12!
Missing character: There is no “ in font cmr12!

LaTeX Warning: Citation 'oecd2023dice' on page 24 undefined on input line 300.

[24]
Missing character: There is no â in font cmr12!
Missing character: There is no € in font cmr12!
Missing character: There is no “ in font cmr12!
Missing character: There is no â in font cmr12!
Missing character: There is no € in font cmr12!
Missing character: There is no “ in font cmr12!

LaTeX Warning: Citation 'oecd2023dice' on page 25 undefined on input line 306.

Missing character: There is no â in font cmbx12!
Missing character: There is no € in font cmbx12!
Missing character: There is no “ in font cmbx12!
[25]
Missing character: There is no Â in font cmr12!
Missing character: There is no ± in font cmr12!
Missing character: There is no â in font cmr12!
Missing character: There is no € in font cmr12!
Missing character: There is no ” in font cmr12!
Missing character: There is no â in font cmr12!
Missing character: There is no € in font cmr12!
Missing character: There is no ” in font cmr12!

LaTeX Warning: Citation 'fezan2023segmentation' on page 26 undefined on input l
ine 334.

Missing character: There is no â in font cmr12!
Missing character: There is no € in font cmr12!
Missing character: There is no “ in font cmr12!
[26]

LaTeX Warning: Citation 'datacamp2023cnn' on page 27 undefined on input line 33
8.


LaTeX Warning: Citation 'medium2022cnn' on page 27 undefined on input line 338.



LaTeX Warning: Citation 'ieee2023dnn' on page 27 undefined on input line 338.


LaTeX Warning: Citation 'paperswithcode2023segnet' on page 27 undefined on inpu
t line 338.


LaTeX Warning: Citation 'fezan2023segmentation' on page 27 undefined on input l
ine 338.


LaTeX Warning: Citation 'nature2023mri' on page 27 undefined on input line 338.



Overfull \hbox (2.52806pt too wide) in paragraph 